Switch>enable
Switch # conf t
Switch(config)#hostname S1
S1(config)# enable password jelszó ---> titkosítatlan
S1(config)# enable secret class ---> titkosított
S1(config)#service password-encryption ---> minden jelszó titkosítva jelenik meg a config file-ban = gagyi
S1(config)#line console 0
S1(config-line)#password compass ---> console vonali jelszó
               #login ---> mindig kérjen jelszót!
S1#copy run start ---> biztonsági mentés               
S1(config)#interface vlan 1
S1(config-if)#ip address ---> ipv4 -es cím
#no shutdown ---> felkapcsolja az interface-t
S1(config)# line vty 0 15 
S1(config-line)# password vtyclass
               #login
               configure terminal belépés globális mode-ba
               
               
               
1.modul
-hálozatok csoportosítása
-konvertált hálózat
-logikai,fizikai topológia részei
-hálózatok elemi

2.modul
-konfigurációs módok
-alapszintű beállítási commandok(ENA SEC, Line ,int vlan 1,banner,hostname)

3.modul
-OSI és TCP/IP modell --->Osi modell segédlet
- réteg modellek előnyei

SW2(config)#line cons 0
SW2(config-line)#password console123
SW2(config-line)#login
SW2(config-line)#exit
SW2(config)#enable password netacad123
SW2(config)#loginh
               ^
% Invalid input detected at '^' marker.
	
SW2(config)#login
               ^
% Invalid input detected at '^' marker.
	
SW2(config)#service 
SW2(config)#service 
SW2(config)#service password-
SW2(config)#service password-encryption 
SW2(config)#service pass
SW2(config)#service password-encryption 
SW2(config)#banner motd @Jogusulatlan belepes tilos@
SW2(config)#exit
SW2#
%SYS-5-CONFIG_I: Configured from console by console

SW2#run
Translating "run"...domain server (255.255.255.255) % Name lookup aborted
SW2#copy run start
Destination filename [startup-config]? 
Building configuration...
[OK]
SW2#
SW2#
------------------------------------------------------------------------------------------------
SW2>ena
Password: 
Password: 
SW2#ena
SW2#conf t
Enter configuration commands, one per line.  End with CNTL/Z.
SW2(config)#int vlan 1
SW2(config-if)#ip address 192.168.1.10 255.255.255.0
SW2(config-if)#no sh

SW2(config-if)#
%LINK-5-CHANGED: Interface Vlan1, changed state to up

%LINEPROTO-5-UPDOWN: Line protocol on Interface Vlan1, changed state to up
no shutdown
SW2(config-if)#exit
SW2(config)#line vity 0 15
                  ^
% Invalid input detected at '^' marker.
	
SW2(config)#line vty 0 15
SW2(config-line)#password cisco
SW2(config-line)#login
SW2(config-line)#
